<html>
<body>
<pre>
<h1>µVision Build Log</h1>
<h2>Tool Versions:</h2>
IDE-Version: µVision V5.34.0.0
Copyright (C) 2021 ARM Ltd and ARM Germany GmbH. All rights reserved.
License Information: Baramee Sukhong, HP Inc., LIC=----
 
Tool Versions:
Toolchain:       MDK-Lite  Version: 5.34.0.0
Toolchain Path:  C:\Keil_v5\ARM\ARMCC\Bin
C Compiler:      Armcc.exe V5.06 update 7 (build 960)
Assembler:       Armasm.exe V5.06 update 7 (build 960)
Linker/Locator:  ArmLink.exe V5.06 update 7 (build 960)
Library Manager: ArmAr.exe V5.06 update 7 (build 960)
Hex Converter:   FromElf.exe V5.06 update 7 (build 960)
CPU DLL:         SARMCM3.DLL V5.34.0.0
Dialog DLL:      DCM.DLL V1.17.3.0
Target DLL:      STLink\ST-LINKIII-KEIL_SWO.dll V3.0.8.0
Dialog DLL:      TCM.DLL V1.48.0.0
 
<h2>Project:</h2>
C:\Baramee\CPE-312\CPE-312 Project\Project\MDK-ARM\STM32L152RB.uvprojx
Project File Date:  01/31/2023

<h2>Output:</h2>
*** Using Compiler 'V5.06 update 7 (build 960)', folder: 'C:\Keil_v5\ARM\ARMCC\Bin'
Build target 'Demonstrate'
compiling main.c...
..\..\Drivers\STM32L1xx_HAL_Driver\Inc\RC522.h(41): warning:  #1295-D: Deprecated declaration halt - give arg types
  uint8_t halt();
..\..\Drivers\STM32L1xx_HAL_Driver\Inc\RC522.h(46): warning:  #1295-D: Deprecated declaration init_RC522 - give arg types
  void init_RC522();
..\..\Drivers\STM32L1xx_HAL_Driver\Inc\RC522.h(47): warning:  #1295-D: Deprecated declaration init_SPI_RC522 - give arg types
  void init_SPI_RC522();
..\src\main.c: 3 warnings, 0 errors
compiling RC522.c...
..\..\Drivers\STM32L1xx_HAL_Driver\Inc\RC522.h(41): warning:  #1295-D: Deprecated declaration halt - give arg types
  uint8_t halt();
..\..\Drivers\STM32L1xx_HAL_Driver\Inc\RC522.h(46): warning:  #1295-D: Deprecated declaration init_RC522 - give arg types
  void init_RC522();
..\..\Drivers\STM32L1xx_HAL_Driver\Inc\RC522.h(47): warning:  #1295-D: Deprecated declaration init_SPI_RC522 - give arg types
  void init_SPI_RC522();
..\..\Drivers\STM32L1xx_HAL_Driver\Src\RC522.c: 3 warnings, 0 errors
linking...
Program Size: Code=2452 RO-data=276 RW-data=24 ZI-data=1768  
".\Objects\STM32L152RB.axf" - 0 Error(s), 6 Warning(s).

<h2>Software Packages used:</h2>

Package Vendor: Keil
                http://www.keil.com/pack/Keil.STM32L1xx_DFP.1.4.1.pack
                Keil.STM32L1xx_DFP.1.4.1
                STMicroelectronics STM32L1 Series Device Support and Examples

<h2>Collection of Component include folders:</h2>
  C:\Users\Baramee\AppData\Local\Arm\Packs\Keil\STM32L1xx_DFP\1.4.1\Drivers\CMSIS\Device\ST\STM32L1xx\Include

<h2>Collection of Component Files used:</h2>
Build Time Elapsed:  00:00:00
</pre>
</body>
</html>
